// Jest Snapshot v1, https://goo.gl/fbAQLP

exports[`components/starts/NavLink renders a link 1`] = `
.c0 {
  -webkit-text-decoration: none;
  text-decoration: none;
  color: #FFFFFF;
  font-family: 'Raleway',sans-serif;
  font-weight: normal;
  font-size: 16px;
  line-height: normal;
  margin: 0 0 32px;
}

<a
  class="withStyles-u5urts-0 c0"
  href="/about"
>
  CTA
</a>
`;
