// Jest Snapshot v1, https://goo.gl/fbAQLP

exports[`pages/app renders an app page 1`] = `
<Component
  router={
    Object {
      "query": Object {
        "data": Object {
          "test": "data",
        },
      },
    }
  }
/>
`;
